<testsuites name="results">
  <testsuite name="all" package="all">
    <property name="random_seed" value="1689660338" />
    <testcase name="debounce_test" classname="test_debounce" file="/home/martin/Documents/cocotb-master/examples/rDangerTag/tests/test_debounce.py" lineno="27" time="8.639420986175537" sim_time_ns="639984000000.0" ratio_time="74077186541.09776" />
  </testsuite>
</testsuites>
